// Jest Snapshot v1, https://goo.gl/fbAQLP

exports[`renders correctly when no barcode 1`] = `null`;
